(11, 4), (9, -1), (6, 1), (16, 9), (7, 4), (14, 10), (14, -1), (16, 8), (18, 6), (15, 4), (7, 1), (6, 17), (3, 8), (6, 0), (8, 13), (17, -1), (12, -1), (5, 1), (6, 2), (13, 16), (17, 0), (10, 9), (11, 3), (4, 1), (1, -1), (12, 3), (13, 10), (11, 12), (4, 12), (17, 1), 
numberIntersection=0 
minAngle=0.7769949998498014 
sumAngle=16.843728938079522 
minEdgeLength=5.656854249492381 
sumEdgeLength=472.34710166511877 
minDistance=0.014938690445150246 
sumDistance=12700.919456872536 

0.0000000000 0.7769949998 16.8437289381 5.6568542495 472.3471016651 0.0149386904 12700.9194568725
0: (48, 8),
1: (23, 4),
2: (23, 80),
3: (38, 19),
4: (18, 17),
5: (13, 0),
6: (39, 15),
7: (14, 8),
8: (36, 25),
9: (23, 30),
10: (18, 25),
11: (29, 12),
12: (28, 21),
13: (27, 21),
14: (9, 49),
15: (0, 80),
16: (27, 34),
17: (41, 0),
18: (80, 80),
19: (79, 80),
48 8 23 4 23 80 38 19 18 17 13 0 39 15 14 8 36 25 23 30 18 25 29 12 28 21 27 21 9 49 0 80 27 34 41 0 80 80 79 80 
0: (48, 8), 1: (23, 4), 2: (23, 80), 3: (38, 19), 4: (18, 17), 5: (13, 0), 6: (39, 15), 7: (14, 8), 8: (36, 25), 9: (23, 30), 10: (18, 25), 11: (29, 12), 12: (28, 21), 13: (27, 21), 14: (9, 49), 15: (0, 80), 16: (27, 34), 17: (41, 0), 18: (80, 80), 19: (79, 80), 
numberIntersection=0 minAngle=0.7769949998498014 sumAngle=16.84372893806934 minEdgeLength=5.656854249492381 sumEdgeLength=472.3471016651078 minDistance=0.014938690445150246 sumDistance=12700.919456872633 
Time taken: 9.603 s
